{
  "statusReason": "current",
  "solicitorName": "John Doe",
  "applicationType": "initial",
  "caseDetails": {
    "caseType": "APPEAL CC",
    "offenceClass": "MURDER"
  },
  "magsCourt": {
    "court": "Cardiff Magistrates' Court"
  },
  "iojBypass": true,
  "usn": 6000001,
  "solicitorAdminEmail": "provider@example.com",
  "courtCustody": false,
  "dateCreated": "2022-10-24T09:50:04.019Z",
  "dateStamp": "2022-10-24T09:50:04.019Z",
  "hearingDate": "2024-11-11",
  "dateOfSignature": "2022-10-24T09:50:04.019Z",
  "applicant": {
    "firstName": "Kit",
    "surname": "Pound",
    "dateOfBirth": "2011-06-09",
    "hasPartner": false,
    "telephone": "07771231231",
    "niNumber": "AJ123456C",
    "useHomeAddress": false,
    "noFixedAbode": true,
    "useSupplierAddressForPost": true,
    "employmentStatus": {
      "code": "NONPASS"
    },
    "partnerContraryInterest": {
      "code": "NOCON"
    },
    "postalAddress": {
      "line1": "1 Road",
      "line2": "Village",
      "city": "Some nice city",
      "country": "United Kingdom",
      "postCode": "SW1A 2AA"
    }
  },
  "supplier": {
    "officeCode": "1A123B",
    "email": "provider@example.com",
    "telephone": "123456789",
    "firstName": "John",
    "surname": "Doe"
  },
  "passported": {
    "benefitIncomeSupport": false,
    "benefitGuaranteedStatePension": false,
    "benefitJobSeeker": false,
    "benefitUniversalCredit": true,
    "benefitEmploymentSupport": false,
    "benefitClaimedByPartner": false
  },
  "assessment": {
    "initialMeansAssessment": {
      "assessmentDetails": [
        {
          "assessmentDetailCode": "CHILD_BEN",
          "applicantAmount": 200,
          "applicantFrequency": "MONTHLY"
        },
        {
          "assessmentDetailCode": "INCAP_BEN",
          "applicantAmount": 300,
          "applicantFrequency": "2WEEKLY"
        },
        {
          "assessmentDetailCode": "OTHER_BEN",
          "applicantAmount": 500,
          "applicantFrequency": "WEEKLY"
        },
        {
          "assessmentDetailCode": "PRIV_PENS",
          "applicantAmount": 13000,
          "applicantFrequency": "ANNUALLY"
        },
        {
          "assessmentDetailCode": "SAVINGS",
          "applicantAmount": 700,
          "applicantFrequency": "4WEEKLY"
        },
        {
          "assessmentDetailCode": "OTHER_INC",
          "applicantAmount": 635,
          "applicantFrequency": "MONTHLY"
        }
      ],
      "otherBenefitNote": "Details about child benefit\nUniversal Credit",
      "otherIncomeNote": "Details about private pension\nRent",
      "childWeighting": [
        {
          "lowerAgeRange": 8,
          "upperAgeRange": 10,
          "noOfChildren": 2
        },
        {
          "lowerAgeRange": 16,
          "upperAgeRange": 18,
          "noOfChildren": 1
        }
      ]
    }
  }
}
