{
  "assessmentDetails": [
    {
      "assessmentDetailCode": "CHILD_BEN",
      "applicantAmount": 200,
      "applicantFrequency": "MONTHLY"
    },
    {
      "assessmentDetailCode": "INCAP_BEN",
      "applicantAmount": 300,
      "applicantFrequency": "2WEEKLY"
    },
    {
      "assessmentDetailCode": "OTHER_BEN",
      "applicantAmount": 500,
      "applicantFrequency": "WEEKLY"
    },
    {
      "assessmentDetailCode": "PRIV_PENS",
      "applicantAmount": 13000,
      "applicantFrequency": "ANNUALLY"
    },
    {
      "assessmentDetailCode": "SAVINGS",
      "applicantAmount": 700,
      "applicantFrequency": "4WEEKLY"
    },
    {
      "assessmentDetailCode": "OTHER_INC",
      "applicantAmount": 635,
      "applicantFrequency": "MONTHLY"
    }
  ],
  "otherBenefitNote": "Details about child benefit\nUniversal credit",
  "otherIncomeNote": "Details about private pension\nRent",
  "childWeighting": [
    {
      "lowerAgeRange": 8,
      "upperAgeRange": 10,
      "noOfChildren": 2
    },
    {
      "lowerAgeRange": 16,
      "upperAgeRange": 18,
      "noOfChildren": 1
    }
  ]
}
