{
  "capitalProperty": [
    {
      "propertyType": "SEMI",
      "bedrooms": "3",
      "declaredMortgageCharges": 390,
      "declaredMarketValue": 48000,
      "percentageOwnedApplicant": 62.0,
      "percentageOwnedPartner": 0,
      "address": {
        "line1": "296 Oak Court",
        "line2": "Higham",
        "city": "London",
        "country": "United Kingdom",
        "postCode": "E1 4AD"
      },
      "thirdPartyOwner": [
        {
          "ownerRelation": "FAMILY",
          "ownerName": "Freya Brennan"
        }
      ]
    },
    {
      "propertyType": "COMMERCIAL",
      "declaredMortgageCharges": 0,
      "declaredMarketValue": 8800,
      "percentageOwnedApplicant": 100.0,
      "percentageOwnedPartner": 0,
      "address": {
        "line1": "1 Park Road",
        "line2": "Oldtown",
        "city": "London",
        "country": "United Kingdom",
        "postCode": "E1 2DA"
      }
    },
    {
      "propertyType": "LAND",
      "declaredMortgageCharges": 220,
      "declaredMarketValue": 7200,
      "percentageOwnedApplicant": 100.0,
      "percentageOwnedPartner": 0,
      "address": {
        "line1": "1 High Street",
        "line2": "Newtown",
        "city": "London",
        "country": "United Kingdom",
        "postCode": "SW1A 2AA"
      }
    }
  ],
  "capital": [
    {
      "capitalType": "PEPS",
      "assetAmount": 500,
      "otherDescription": "Private equity plan",
      "accountOwner": "APPLICANT"
    },
    {
      "capitalType": "SHARES",
      "assetAmount": 100,
      "otherDescription": "500 Shares in Acme Ltd",
      "accountOwner": "APPLICANT"
    },
    {
      "capitalType": "SAVINGS",
      "assetAmount": 100,
      "bankName": "Lloyds Bank",
      "branchSortCode": "12-23-45",
      "accountOwner": "APPLICANT"
    },
    {
      "capitalType": "CASH ISA",
      "assetAmount": 100,
      "bankName": "Lloyds Bank",
      "branchSortCode": "12-23-45",
      "accountOwner": "APPLICANT"
    },
    {
      "capitalType": "PREMIUM BONDS",
      "assetAmount": 20,
      "accountOwner": "APPLICANT"
    },
    {
      "capitalType": "PREMIUM BONDS",
      "assetAmount": 1000000
    },
    {
      "capitalType": "TRUST FUND",
      "assetAmount": 6000
    }
  ],
  "residentialStatus": "OWNER"
}